defines = [
  # Separate comment inside expression.

  # Connected comment.
  "WEE",
  "BLORPY",
]
