defines = [
  # Connected comment.
  "WEE",
  "BLORPY",
]
