executable(something[0]) {
  if (weeeeee.stuff) {
    x = a.b
    y = a[8]
  }
}
