if (true) {
  a = [ "wee" ]

  b = [
    "x",
    "y",
    "z",
  ]
  c = [ "x" ]

  d = [ "x" ]
}
