# 80 ---------------------------------------------------------------------------
if (true) {
  if (true) {
    use_system_harfbuzz = exec_script(pkg_config_script,
                                      pkg_config_args + [
                                            "--atleast-version=1.31.0",
                                            "pangoft2",
                                          ],
                                      "value")
  }
}
