some_variable = "this is a very long string that is going to exceed 80 col and will never under any circumstance fit"
another_variable = [ "this is a very long string that is going to exceed 80 col and will never under any circumstance fit" ]
