source_set("test") {
  some_target_name = ":some_target"
  deps = [
    ":another_target",
    "//last_target",
    some_target_name,
  ]
}
