-
.pureftpd-upload.47fcbb3c.849.191b.cd40d08a
-1
2008
4
9
0
0

-
.pureftpd-upload.4925a00d.849.668d.9ea5b3ed
-1
2008
11
20
0
0

-
.pureftpd-upload.492b0a03.849.12d.bf5d2bc6
8760
2008
11
24
0
0
