d
.
-1
2006
6
19
0
0

d
..
-1
2006
6
19
0
0

d
bin
-1
2003
3
24
0
0

d
etc
-1
2003
3
24
0
0

d
pub
-1
2009
4
7
0
0

d
usr
-1
2003
3
24
0
0
