l
bin
-1
2005
9
1
0
0

d
dev
-1
2004
8
9
0
0

d
etc
-1
2006
9
28
0
0

d
msgs
-1
2006
9
28
0
0

d
pub
-1
1994
6
30
9
52

d
usr
-1
2004
8
9
0
0

d
var
-1
2004
8
9
0
0
