-
!readme
214
2005
6
30
0
0

d
online
-1
2006
7
17
0
0

-
welcome.txt
339
2004
2
5
0
0
