d
.
-1
1994
5
15
18
11

d
..
-1
1994
5
15
18
11

-
.message
528
2007
11
1
0
0

-
README
528
2007
11
1
0
0

-
index.html
560
2007
9
28
0
0

d
pub
-1
2008
8
12
0
0
