-
00readme.html
3108
2001
3
7
0
0

d
OCU
-1
1994
10
19
13
45

l
a√±o2000
-1
2006
6
15
0
0

d
bin
-1
2001
3
7
0
0

d
dev
-1
2001
3
7
0
0

d
doc
-1
2005
4
20
0
0
