d
beta
-1
2009
5
18
11
7

d
cdrom
-1
2009
1
6
16
25

-
checkdownload.html
129
2009
1
6
14
38

d
Digital_Media_Player
-1
2009
8
19
11
23

d
LiveUpdate
-1
2008
12
29
22
27

d
mb
-1
2009
8
20
16
34

-
Mb.eng
83933
2009
1
6
14
38

d
misc
-1
2009
11
4
15
42

-
Path.idx
462
2009
6
12
16
20

d
PDA
-1
2008
12
30
7
41

-
Platform.idx
2625
2009
1
6
14
38

d
print
-1
2008
12
30
7
41

-
Readme.txt
458
2009
1
6
14
42

d
server
-1
2009
10
28
14
27

d
vga
-1
2008
12
30
8
59

-
VH203_FR.pdf
1951823
2009
2
3
16
42
