-
announce.txt
512
2005
3
12
8
44

d
boinc
-1
2005
12
29
21
33

d
bzip2
-1
2005
9
27
19
45

d
cdrtools
-1
2005
3
10
17
31

d
diffutils
-1
2007
6
23
23
4

d
dtss_ntp
-1
2000
9
25
21
3

d
fixrec
-1
2003
12
20
10
57

d
gnupg
-1
2006
8
9
2
11

d
gzip
-1
2006
7
5
21
59

d
info-zip
-1
2004
9
20
21
27

d
input
-1
1999
3
4
22
14

d
kermit
-1
2006
2
25
12
22

-
login.com
512
2006
9
28
9
20

d
misc
-1
1999
12
12
17
31

d
mmk
-1
2009
9
30
8
6

d
moz_test
-1
2008
4
8
17
12

d
mpack
-1
2009
8
21
10
28

d
mtools
-1
2006
3
14
15
5

d
openssl
-1
2009
1
12
8
42

d
pgp
-1
1999
9
19
16
39

d
qreadcd
-1
2004
9
29
20
32

d
rzspinup
-1
2004
7
24
21
34

d
test
-1
2008
11
5
21
59

d
vim
-1
2005
4
30
16
32

d
vmstar
-1
2007
6
7
9
36

-
welcome.txt
512
2005
3
12
8
45

d
wget
-1
1999
8
17
20
41

d
wget_test
-1
2006
6
13
21
29

d
wput
-1
2004
12
9
20
16
