-
$main.tpu$journal
512
2009
11
4
5
59

-
.welcome
512
2009
11
4
6
2

-
example.txt
512
2009
11
4
6
2

-
file.
512
2009
11
4
8
59

-
ftp_server.log
0
2009
11
4
9
12

-
login.com
1024
2009
11
4
5
58

-
notes$notebook.note
18432
2009
11
4
5
55

d
test
-1
2009
11
4
8
15
