-
rootcert.der
1328
2007
12
27
0
0

d
Driver
-1
1994
11
13
7
51

d
temp
-1
1993
11
16
15
40
