d
beid
-1
2009
2
25
0
0

l
bin
-1
2007
5
1
0
0

d
dev
-1
2007
5
1
0
0

d
etc
-1
2007
5
1
0
0

d
pub
-1
2009
3
27
0
0

d
tigerd1
-1
2007
4
11
0
0

d
usr
-1
2007
5
1
0
0
