d
.
-1
1994
4
6
0
36

d
..
-1
1994
4
10
18
0

-
GRBRATLIN64_4_77_ia64_4.77_S0@874222@03717.rpm.Z
110583757 
1994
4
5
13
43

-
GRBRATLIN_4_77_ia32_4.77_S0@874222@20701.rpm.Z
121591811 
1994
4
5
13
43

-
XENRATLIN64_4_77_ia64_4.77_S0@874222@17785.rpm.Z
110965625 
1994
4
5
13
43

-
XENRATLIN_4_77_ia32_4.77_S0@874222@09635.rpm.Z
121986153 
1994
4
5
13
44

-
XENRATS10_4_77_sun4_10_4.77_S0@874222@21358.dstream.Z
151525255 
1994
4
5
13
44
