-
01643.001.862.TestPermission-DUP0001.zip
4310450
1993
11
17
13
12

-
I_Base_01_RSE_R720.iso
2496430080
1994
11
13
14
46

-
I_Base_01_RSE_R720.zip
478576612
1994
11
13
8
11
