d
pollq
-1
1993
12
10
14
32

d
etc
-1
1994
7
28
1
44

d
tmp
-1
1994
7
28
2
41

d
status
-1
1994
7
28
2
0

d
bin
-1
1994
7
27
23
21
