-
Akademia Teatralna spot.mpg
174680068 
1994
6
4
23
20

-
Foo - Instrukcja_Obs≈Çugi.pdf
3447432 
2009
5
18
0
0

-
Zdjecia.zip
23197684 
1994
6
9
13
36
