Section r: has 100.0% of 5927652 bytes accounted for from 10 symbols. 0 bytes are unaccounted for.
* Padding accounts for 11 bytes (0.0%)
* 5 placeholders (symbols that start with **) account for 5927509 bytes (100.0%)
* 0 symbols have shared ownership
Section b: has 40.3% of 524520 bytes accounted for from 6 symbols. 775936 bytes are unaccounted for.
* Padding accounts for 196 bytes (0.0%)
* 0 symbols have shared ownership
Section d: has 100.0% of 1957016 bytes accounted for from 15 symbols. 0 bytes are unaccounted for.
* Padding accounts for 16 bytes (0.0%)
* 2 placeholders (symbols that start with **) account for 1166732 bytes (59.6%)
* 0 symbols have shared ownership
Section t: has 100.0% of 35900712 bytes accounted for from 15 symbols. 0 bytes are unaccounted for.
* Padding accounts for 48 bytes (0.0%)
* 3 placeholders (symbols that start with **) account for 35830760 bytes (99.8%)
* Contains 0 aliases
* 0 symbols have shared ownership
.text@28d900(size_without_padding=16,padding=0,full_name=_GLOBAL__sub_I_page_allocator.cc,object_path=base/base/page_allocator.o,source_path=,flags={startup},num_aliases=1)
.text@28d910(size_without_padding=56,padding=0,full_name=_GLOBAL__sub_I_bbr_sender.cc,object_path=base/base/page_allocator.o,source_path=,flags={startup},num_aliases=1)
.text@28d948(size_without_padding=28,padding=0,full_name=_GLOBAL__sub_I_pacing_sender.cc,object_path=base/base/page_allocator.o,source_path=,flags={startup},num_aliases=1)
.text@28d964(size_without_padding=38,padding=0,full_name=extFromUUseMapping(signed char, unsigned int, int),object_path=base/base/page_allocator.o,source_path=,flags={},num_aliases=1)
.text@28d98a(size_without_padding=32,padding=0,full_name=extFromUUseMapping(aj, int),object_path=base/base/page_allocator.o,source_path=,flags={},num_aliases=1)
.text@28f000(size_without_padding=0,padding=5718,full_name=** symbol gap 0,object_path=,source_path=,flags={},num_aliases=1)
.text@28f000(size_without_padding=448,padding=0,full_name=ucnv_extMatchFromU(int const*, int, unsigned short const*, int, unsigned short const*, int, unsigned int*, signed char, signed char),object_path=third_party/icu/icuuc/ucnv_ext.o,source_path=,flags={},num_aliases=1)
.text@28f1c8(size_without_padding=20,padding=8,full_name=_GLOBAL__sub_I_SkDeviceProfile.cpp,object_path=third_party/icu/icuuc/ucnv_ext.o,source_path=,flags={startup},num_aliases=1)
.text@28f1e0(size_without_padding=69120,padding=4,full_name=foo_bar,object_path=third_party/icu/icuuc/ucnv_ext.o,source_path=,flags={unlikely},num_aliases=1)
.text@2a0000(size_without_padding=16,padding=32,full_name=blink::ContiguousContainerBase::shrinkToFit(),object_path=third_party/WebKit.a/PaintChunker.o,source_path=,flags={},num_aliases=1)
.text@2a0010(size_without_padding=12,padding=0,full_name=blink::ContiguousContainerBase::shrinkToFit(),object_path=third_party/WebKit.a/PaintChunker.o,source_path=,flags={clone},num_aliases=1)
.text@2a0020(size_without_padding=24,padding=4,full_name=blink::ContiguousContainerBase::ContiguousContainerBase(blink::ContiguousContainerBase&&),object_path=third_party/WebKit.a/ContiguousContainer.o,source_path=,flags={},num_aliases=1)
.text@2a1000(size_without_padding=0,padding=4040,full_name=** symbol gap 1,object_path=,source_path=,flags={},num_aliases=1)
.text@2a1000(size_without_padding=94,padding=0,full_name=blink::PaintChunker::releasePaintChunks(),object_path=third_party/WebKit.a/ContiguousContainer.o,source_path=,flags={anon,clone},num_aliases=1)
.text@24ca628(size_without_padding=0,padding=35821002,full_name=** symbol gap 2 (end of section),object_path=,source_path=,flags={},num_aliases=1)
.rodata@266e600(size_without_padding=1961984,padding=0,full_name=** merge strings,object_path=,source_path=,flags={},num_aliases=1)
.rodata@284d600(size_without_padding=3425,padding=0,full_name=** merge constants,object_path=,source_path=,flags={},num_aliases=1)
.rodata@284e364(size_without_padding=0,padding=3,full_name=** symbol gap 0,object_path=,source_path=,flags={},num_aliases=1)
.rodata@284e364(size_without_padding=8,padding=0,full_name=,object_path=base/base/page_allocator.o,source_path=,flags={},num_aliases=1)
.rodata@284e370(size_without_padding=40,padding=4,full_name=Name,object_path=base/base/page_allocator.o,source_path=,flags={},num_aliases=1)
.rodata@284e398(size_without_padding=32,padding=0,full_name=chrome::mojom::FilePatcher::Name_,object_path=third_party/WebKit.a/ContiguousContainer.o,source_path=,flags={},num_aliases=1)
.rodata@284e518(size_without_padding=675633,padding=352,full_name=** merge strings,object_path=,source_path=,flags={},num_aliases=1)
.rodata@28f3450(size_without_padding=48,padding=7,full_name=kAnimationFrameTimeHistogramClassPath,object_path=third_party/WebKit.a/PaintChunker.o,source_path=,flags={anon},num_aliases=1)
.rodata@28f3480(size_without_padding=4,padding=0,full_name=blink::CSSValueKeywordsHash::findValueImpl(char const*, unsigned int)::value_word_list,object_path=third_party/WebKit.a/PaintChunker.o,source_path=,flags={anon},num_aliases=1)
.rodata@2c158e4(size_without_padding=0,padding=3286112,full_name=** symbol gap 1 (end of section),object_path=,source_path=,flags={},num_aliases=1)
.data.rel.ro.local@2c176f0(size_without_padding=56,padding=0,full_name=ChromeMainDelegate [vtable],object_path=third_party/icu/icuuc/ucnv_ext.o,source_path=,flags={},num_aliases=1)
.data.rel.ro.local@2c17728(size_without_padding=24,padding=0,full_name=chrome::mojom::FieldTrialRecorder [vtable],object_path=third_party/icu/icuuc/ucnv_ext.o,source_path=,flags={},num_aliases=1)
.data.rel.ro.local@2c17740(size_without_padding=789904,padding=0,full_name=chrome::mojom::FieldTrialRecorderProxy [vtable],object_path=third_party/WebKit.a/ContiguousContainer.o,source_path=,flags={},num_aliases=1)
.data.rel.ro.local@2cd84e0(size_without_padding=16,padding=16,full_name=.Lswitch.table.45,object_path=third_party/gvr-android-sdk/libgvr_shim_static_arm.a/libcontroller_api_impl.a_controller_api_impl.o,source_path=,flags={},num_aliases=1)
.data.rel.ro.local@2cd84f0(size_without_padding=8,padding=0,full_name=kSystemClassPrefixes,object_path=third_party/gvr-android-sdk/libgvr_shim_static_arm.a/libport_android_jni.a_jni_utils.o,source_path=,flags={anon},num_aliases=1)
.data.rel.ro@2cd8500(size_without_padding=56,padding=0,full_name=ChromeMainDelegateAndroid [vtable],object_path=third_party/WebKit.a/PaintChunker.o,source_path=,flags={},num_aliases=1)
.data.rel.ro@2cd8538(size_without_padding=24,padding=0,full_name=mojo::MessageReceiver [vtable],object_path=base/base/page_allocator.o,source_path=,flags={},num_aliases=1)
.data.rel.ro@2cd8550(size_without_padding=12,padding=0,full_name=kMethodsAnimationFrameTimeHistogram,object_path=base/base/page_allocator.o,source_path=,flags={},num_aliases=1)
.data.rel.ro@2ddc608(size_without_padding=0,padding=1065132,full_name=** symbol gap 0 (end of section),object_path=,source_path=,flags={},num_aliases=1)
.data@2de7000(size_without_padding=4,padding=0,full_name=google::protobuf::internal::pLinuxKernelCmpxchg,object_path=base/base/page_allocator.o,source_path=,flags={},num_aliases=1)
.data@2de7004(size_without_padding=4,padding=0,full_name=google::protobuf::internal::pLinuxKernelMemoryBarrier,object_path=third_party/WebKit.a/ContiguousContainer.o,source_path=,flags={},num_aliases=1)
.data@2de7008(size_without_padding=152,padding=0,full_name=base::android::kBaseRegisteredMethods,object_path=third_party/WebKit.a/ContiguousContainer.o,source_path=,flags={rel},num_aliases=1)
.data@2de70a0(size_without_padding=4,padding=0,full_name=base::android::g_renderer_histogram_code,object_path=third_party/WebKit.a/ContiguousContainer.o,source_path=,flags={anon},num_aliases=1)
.data@2de70a4(size_without_padding=4,padding=0,full_name=base::android::g_library_version_number,object_path=third_party/WebKit.a/ContiguousContainer.o,source_path=,flags={anon,rel.loc},num_aliases=1)
.data@2dffd88(size_without_padding=0,padding=101600,full_name=** symbol gap 0 (end of section),object_path=,source_path=,flags={},num_aliases=1)
.bss@0(size_without_padding=262144,padding=0,full_name=ff_cos_131072,object_path=third_party/ffmpeg/libffmpeg_internal.a/fft_float.o,source_path=,flags={},num_aliases=1)
.bss@0(size_without_padding=131072,padding=0,full_name=ff_cos_131072_fixed,object_path=third_party/ffmpeg/libffmpeg_internal.a/fft_fixed.o,source_path=,flags={},num_aliases=1)
.bss@0(size_without_padding=131072,padding=0,full_name=ff_cos_65536,object_path=third_party/ffmpeg/libffmpeg_internal.a/fft_float.o,source_path=,flags={},num_aliases=1)
.bss@2dffda0(size_without_padding=28,padding=0,full_name=g_chrome_content_browser_client,object_path=third_party/icu/icuuc/ucnv_ext.o,source_path=,flags={},num_aliases=1)
.bss@2dffe80(size_without_padding=4,padding=196,full_name=SaveHistogram(_JNIEnv*, base::android::JavaParamRef<_jobject*> const&, base::android::JavaParamRef<_jstring*> const&, base::android::JavaParamRef<_jlongArray*> const&, int)::atomic_histogram_pointer,object_path=third_party/icu/icuuc/ucnv_ext.o,source_path=,flags={},num_aliases=1)
.bss@2dffe84(size_without_padding=4,padding=0,full_name=g_AnimationFrameTimeHistogram_clazz,object_path=third_party/icu/icuuc/ucnv_ext.o,source_path=,flags={anon},num_aliases=1)
