Common Metadata:
    elf_arch=arm
    elf_build_id=WhatAnAmazingBuildId
    elf_file_name=elf
    elf_mtime={redacted}
    git_revision=abc123
    gn_args=var1=true var2="foo"
    map_file_name=../test.map
    tool_prefix=tools/binary_size/libsupersize/testdata/mock_toolchain/
Old Metadata:
New Metadata:

Section Sizes (Total=0 bytes (0 bytes)):
    .bss: 0 bytes (0 bytes) (not included in totals)
    .data: 0 bytes (0 bytes) (0.0%)
    .rel.dyn: 0 bytes (0 bytes) (0.0%)
    .rodata: 0 bytes (0 bytes) (0.0%)
    .text: 0 bytes (0 bytes) (0.0%)

0 symbols added (+), 0 changed (~), 0 removed (-), 45 unchanged (not shown)
Number of unique symbols 46 -> 46 (+0)
0 paths added, 0 removed, 0 changed

Showing 45 symbols (aliases not grouped for diffs) with total pss: 0 bytes
.text=0 bytes    .rodata=0 bytes    .data*=0 bytes    .bss=0 bytes    total=0 bytes
Number of unique paths: 9

Index | Running Total | Section@Address | Δ PSS (Δ size_without_padding) | Path
------------------------------------------------------------
